{
  "analysis_metadata": {
    "analysis_id": "a1b2c3d4-e5f6-7890-abcd-ef1234567890",
    "timestamp": "2025-08-14 09:42:30",
    "analyst": "yeabwang",
    "file_path": "src/auth/password_manager.py",
    "analysis_duration_ms": 2847,
    "templates_used": ["broken_cryptographic_algorithms_detection_cwe327.json"],
    "total_confirmed_vulnerabilities": 1,
    "overall_risk_score": 7.8
  },
  "detailed_findings": [
    {
      "finding_id": "vuln-001-md5-password-hash",
      "vulnerability_analysis": {
        "template_used": "broken_cryptographic_algorithms_detection_cwe327.json",
        "vulnerability_type": "Use of Broken Cryptographic Algorithms",
        "cwe_id": "CWE-327",
        "sub_type": "weak_hashing",
        "confirmation_status": "confirmed",
        "confidence_score": 0.95,
        "exploitability_score": 0.87
      },
      "technical_details": {
        "attack_vector": "Rainbow table attack against MD5 password hashes",
        "attack_complexity": "low",
        "privileges_required": "none",
        "user_interaction": "none",
        "scope": "changed",
        "data_flow": {
          "source": "user_password_input",
          "flow_path": "login_form → password_validation → MD5_hash_generation → database_storage",
          "sink": "password_hashing",
          "vulnerable_operations": ["hashlib.md5(password.encode()).hexdigest()"]
        }
      },
      "code_analysis": {
        "precise_location": {
          "file_path": "src/auth/password_manager.py",
          "start_line": 45,
          "end_line": 47,
          "start_column": 12,
          "end_column": 58,
          "function_name": "hash_password",
          "class_name": "PasswordManager",
          "method_signature": "def hash_password(self, password: str) -> str"
        },
        "vulnerable_code_snippet": "import hashlib\n\ndef hash_password(password):\n    return hashlib.md5(password.encode()).hexdigest()",
        "context_before": "class PasswordManager:\n    def __init__(self):\n        self.salt_length = 16\n    \n    def validate_password(self, password, stored_hash):",
        "context_after": "    \n    def verify_password(self, password, stored_hash):\n        return self.hash_password(password) == stored_hash\n    \n    def change_password(self, user_id, new_password):",
        "affected_variables": ["password", "hashed_password"],
        "dangerous_functions": ["hashlib.md5"],
        "input_sources": ["user_login_form", "password_reset_form", "registration_form"]
      },
      "impact_assessment": {
        "confidentiality_impact": "high",
        "integrity_impact": "high",
        "availability_impact": "none",
        "business_impact": "Complete compromise of user accounts through password recovery attacks. Attackers can gain unauthorized access to user data, perform account takeovers, and potentially access sensitive financial information.",
        "affected_assets": ["user_accounts", "personal_data", "financial_records", "authentication_system"],
        "regulatory_implications": ["GDPR", "CCPA", "PCI-DSS"],
        "cvss_score": 7.8,
        "severity_justification": "High severity due to easily exploitable cryptographic weakness affecting all user passwords with significant business impact on confidentiality and integrity."
      },
      "exploitation_scenario": {
        "attack_description": "1. Attacker obtains password hash database through SQL injection or data breach\n2. Attacker identifies MD5 hashing algorithm from hash format\n3. Attacker uses precomputed rainbow tables or GPU-accelerated brute force\n4. Attacker recovers plaintext passwords within minutes to hours\n5. Attacker uses recovered passwords for account takeover attacks",
        "payload_example": "hashcat -m 0 -a 0 hashes.txt rockyou.txt --force",
        "prerequisites": ["Access to password hash database", "Standard password cracking tools"],
        "detection_difficulty": "easy",
        "automation_potential": "high",
        "real_world_examples": ["CVE-2019-8451 (Joomla MD5 passwords)", "LinkedIn 2012 breach (unsalted hashes)"]
      },
      "remediation": {
        "immediate_actions": [
          {
            "action": "Replace MD5 with bcrypt for all new password hashes",
            "priority": "critical",
            "effort_estimate": "2-4 hours development + testing",
            "risk_reduction": "high"
          },
          {
            "action": "Force password reset for all existing users",
            "priority": "high", 
            "effort_estimate": "1 hour configuration + user communication",
            "risk_reduction": "high"
          }
        ],
        "secure_code_fix": {
          "fixed_code_snippet": "from flask_bcrypt import Bcrypt\n\nclass PasswordManager:\n    def __init__(self):\n        self.bcrypt = Bcrypt()\n    \n    def hash_password(self, password: str) -> str:\n        return self.bcrypt.generate_password_hash(password, rounds=12).decode('utf-8')\n    \n    def verify_password(self, password: str, stored_hash: str) -> bool:\n        return self.bcrypt.check_password_hash(stored_hash, password)",
          "explanation": "Bcrypt uses adaptive hashing with configurable work factor (rounds=12), built-in salting, and is designed to be slow to resist brute force attacks. The work factor can be increased over time as hardware improves.",
          "additional_considerations": ["Implement password migration strategy", "Update database schema if needed", "Consider Argon2 for even better security"]
        },
        "architectural_improvements": [
          {
            "improvement": "Implement password strength requirements and breach detection",
            "justification": "Prevents users from choosing easily crackable passwords even with strong hashing",
            "implementation_effort": "medium"
          },
          {
            "improvement": "Add multi-factor authentication (MFA)",
            "justification": "Provides additional security layer even if passwords are compromised",
            "implementation_effort": "high"
          }
        ],
        "testing_recommendations": [
          {
            "test_type": "unit",
            "test_description": "Verify bcrypt password hashing and verification functions work correctly",
            "success_criteria": "All password operations use bcrypt, no MD5 references remain"
          },
          {
            "test_type": "security",
            "test_description": "Attempt to crack new bcrypt hashes using standard tools",
            "success_criteria": "Bcrypt hashes should be computationally infeasible to crack"
          }
        ]
      },
      "validation_evidence": {
        "static_analysis_correlation": ["bandit-B303: Use of insecure MD5 hash function", "semgrep-crypto-weak-hash"],
        "pattern_match_confidence": 0.98,
        "manual_verification_notes": "Confirmed MD5 usage in password hashing context through code review. No salting detected. Direct security impact verified.",
        "false_positive_ruled_out_because": "MD5 is used specifically for password hashing (security-critical context), not for non-security purposes like checksums or caching"
      }
    }
  ],
  "false_positives_dismissed": [
    {
      "original_finding_id": "static-bandit-B101",
      "dismissal_reason": "Assert statement used in test code, not production code",
      "evidence": "File path indicates test directory (/tests/), assert used for test validation only",
      "confidence": 0.92
    }
  ],
  "summary": {
    "total_vulnerabilities_confirmed": 1,
    "critical_count": 0,
    "high_count": 1,
    "medium_count": 0,
    "low_count": 0,
    "false_positives_eliminated": 1,
    "overall_security_posture": "poor",
    "recommended_next_steps": [
      "Immediately implement bcrypt password hashing",
      "Force password reset for all users",
      "Audit entire codebase for other weak cryptographic usage",
      "Implement password strength requirements",
      "Consider adding multi-factor authentication"
    ],
    "compliance_impact": "High - violates PCI-DSS requirements for strong cryptography, potential GDPR violations for inadequate security measures"
  },
  "analyst_notes": {
    "methodology_notes": "Applied CWE-327 template methodology focusing on cryptographic algorithm analysis. Traced data flow from user input through hashing to storage.",
    "challenges_encountered": "No major challenges - vulnerability was clearly identifiable with high confidence",
    "confidence_factors": "High confidence due to: explicit MD5 usage in security context, clear attack path, well-documented attack techniques, static analysis tool correlation",
    "additional_investigation_needed": "Review entire authentication system for other cryptographic weaknesses, check if MD5 usage exists elsewhere in codebase"
  }
}